// Jest Snapshot v1, https://goo.gl/fbAQLP

exports[`merging a project builds out separate operations 1`] = `
Array [
  Object {
    "alias": null,
    "body": "query GetStuff2 {
  stuff
  ...Frag1
  ...Frag2
}

fragment Frag1 on Query {
  moreStuff
}

fragment Frag2 on Query {
  ...Frag3
}

fragment Frag3 on Query {
  evenMoreStuff
}
",
    "name": "GetStuff2",
  },
  Object {
    "alias": null,
    "body": "query GetStuff {
  ...Frag1
}

fragment Frag1 on Query {
  moreStuff
}
",
    "name": "GetStuff",
  },
]
`;
